// Jest Snapshot v1, https://goo.gl/fbAQLP

exports[`Component/BoardsList should render without throwing an error 1`] = `
<styled.div>
  <styled.div
    key="board-1"
  >
    <WithStyles(Typography)
      variant="headline"
    >
      board-1
       
      <span>
        (
        3
        )[
        2
        ]
      </span>
    </WithStyles(Typography)>
    <Connect(Board)
      board={
        Object {
          "id": "board-1",
          "name": "board-1",
        }
      }
      config={Object {}}
    />
  </styled.div>
</styled.div>
`;
