// Jest Snapshot v1, https://goo.gl/fbAQLP

exports[`Routes should render without throwing an error 1`] = `
<Connect(ConnectedRouter)
  history={
    Object {
      "action": "POP",
      "block": [Function],
      "createHref": [Function],
      "go": [Function],
      "goBack": [Function],
      "goForward": [Function],
      "length": 1,
      "listen": [Function],
      "location": Object {
        "hash": "",
        "pathname": "/",
        "search": "",
        "state": undefined,
      },
      "push": [Function],
      "replace": [Function],
    }
  }
>
  <Switch>
    <Route
      component={[Function]}
      exact={true}
      path="/config"
    />
    <Route
      component={[Function]}
      path="/github"
    />
    <Route
      component={[Function]}
      path="/privacy"
    />
    <Route
      component={[Function]}
      path="/"
    />
  </Switch>
</Connect(ConnectedRouter)>
`;
