// Jest Snapshot v1, https://goo.gl/fbAQLP

exports[`Component/TrelloMultiBoard should render without throwing an error 1`] = `
<Provider
  store={
    Object {
      "dispatch": [Function],
      "getState": [Function],
      "replaceReducer": [Function],
      "subscribe": [Function],
      Symbol(observable): [Function],
    }
  }
>
  <div>
    <WithStyles(CssBaseline) />
    <HashRouter>
      <Switch>
        <Route
          component={[Function]}
          exact={true}
          path="/config"
        />
        <Route
          component={[Function]}
          path="/"
        />
      </Switch>
    </HashRouter>
  </div>
</Provider>
`;
