// Jest Snapshot v1, https://goo.gl/fbAQLP

exports[`Component/ListTabs should render without throwing an error 1`] = `
<div
  className="ListTabs-root-1"
>
  <WithStyles(AppBar)
    color="default"
    position="static"
  >
    <WithStyles(Tabs)
      indicatorColor="primary"
      onChange={[Function]}
      scrollButtons="on"
      scrollable={true}
      textColor="primary"
      value="list-1"
    >
      <WithStyles(Tab)
        disabled={true}
        key="0"
        label="list-1"
      />
      <WithStyles(Tab)
        disabled={false}
        key="1"
        label="list-2"
      />
    </WithStyles(Tabs)>
  </WithStyles(AppBar)>
</div>
`;
