// Jest Snapshot v1, https://goo.gl/fbAQLP

exports[`Component/Member should render without throwing an error 1`] = `
<Card
  className="member_card_member-1"
  onClick={[Function]}
  raised={false}
  style={
    Object {
      "backgroundColor": undefined,
    }
  }
>
  <WithStyles(CardContent)
    className="Member-root-1"
  >
    <styled.div>
      <WithStyles(UserAvatar)
        member={
          Object {
            "avatarHash": "123456789",
            "fullName": "Example Username",
            "id": "member-1",
            "initials": "EU",
            "username": "exampleusername",
          }
        }
      />
      <WithStyles(Typography)
        style={
          Object {
            "color": undefined,
          }
        }
      >
        <span
          className="member_card_member-1--estimations"
        >
          (
          0
          )[
          0
          ]
        </span>
      </WithStyles(Typography)>
    </styled.div>
  </WithStyles(CardContent)>
</Card>
`;
